{
    "hash": "1_87A9E00343212B972CA156AB039511E295A18A85BD37A477A36E87F4483FC841",
    "local": 252,
    "time": 244,
    "pay": {
        "crypt": false,
        "hash": "FB3927E0A16C436E2EC70731F3076861802AB95A6F229531BBD785AF99DEFC87"
    },
    "like": null,
    "sign": {
        "hash": "EFC282F00EDBCA5DE247383F7BBD6A4EA9414AC03CA882BF5713ED78D55D82A8FCF82E4ECC405F0FCCAAA6E567A4905B26F087AA64061BC55851B68F63816C04",
        "pub": "3CCAF4839B1FDDF406552AF175613D7A247C5703683AEC6DBDF0BB3932DD8322"
    },
    "prev": null,
    "backs": [
        "0_F2FB65C093A02E86D717EB0AC1CE9DB201D9DC84E7E883E3A92FD561A193D4D8"
    ],
    "fronts": [
    ]
}
