{
    "hash": "1_9922B033A64036723F78F482E87494646446D2FD288D6200C3E5AF7905A228EE",
    "local": 322,
    "time": 319,
    "pay": {
        "crypt": false,
        "hash": "FB3927E0A16C436E2EC70731F3076861802AB95A6F229531BBD785AF99DEFC87"
    },
    "like": null,
    "sign": {
        "hash": "3F8309177ADB7D6F219F23E77FD2180BA278D23C8B82CED4759E6B16F125AFC150F69F8D98AA3FE01DE6664A7F549FC231FC2F24D0638F8FA92066C3B254ED0B",
        "pub": "3CCAF4839B1FDDF406552AF175613D7A247C5703683AEC6DBDF0BB3932DD8322"
    },
    "backs": [
        "0_2D70BB6E7706706E1A70F2BB5582F43035BC85207D5D70AAD574B0054B48C391"
    ]
}
