{
    "hash": "0_F2FB65C093A02E86D717EB0AC1CE9DB201D9DC84E7E883E3A92FD561A193D4D8",
    "local": 1594927148727,
    "time": 0,
    "pay": {
        "crypt": false,
        "hash": ""
    },
    "like": null,
    "sign": null,
    "prev": null,
    "backs": [
    ],
    "fronts": [
        "1_87A9E00343212B972CA156AB039511E295A18A85BD37A477A36E87F4483FC841"
    ]
}
